File "/Users/himanshugunwant/Developer/personal/almora-shop/almora-shop-backend/node_modules/@vendure/core/dist/config/derick-david-409858-unsplash.jpg" does not exist
File "/Users/himanshugunwant/Developer/personal/almora-shop/almora-shop-backend/node_modules/@vendure/core/dist/config/kelly-sikkema-685291-unsplash.jpg" does not exist
File "/Users/himanshugunwant/Developer/personal/almora-shop/almora-shop-backend/node_modules/@vendure/core/dist/config/oscar-ivan-esquivel-arteaga-687447-unsplash.jpg" does not exist
File "/Users/himanshugunwant/Developer/personal/almora-shop/almora-shop-backend/node_modules/@vendure/core/dist/config/daniel-korpai-1302051-unsplash.jpg" does not exist
File "/Users/himanshugunwant/Developer/personal/almora-shop/almora-shop-backend/node_modules/@vendure/core/dist/config/alexandru-acea-686569-unsplash.jpg" does not exist
File "/Users/himanshugunwant/Developer/personal/almora-shop/almora-shop-backend/node_modules/@vendure/core/dist/config/liam-briese-1128307-unsplash.jpg" does not exist
File "/Users/himanshugunwant/Developer/personal/almora-shop/almora-shop-backend/node_modules/@vendure/core/dist/config/florian-olivo-1166419-unsplash.jpg" does not exist
File "/Users/himanshugunwant/Developer/personal/almora-shop/almora-shop-backend/node_modules/@vendure/core/dist/config/vincent-botta-736919-unsplash.jpg" does not exist
File "/Users/himanshugunwant/Developer/personal/almora-shop/almora-shop-backend/node_modules/@vendure/core/dist/config/juan-gomez-674574-unsplash.jpg" does not exist
File "/Users/himanshugunwant/Developer/personal/almora-shop/almora-shop-backend/node_modules/@vendure/core/dist/config/thomas-q-1229169-unsplash.jpg" does not exist
File "/Users/himanshugunwant/Developer/personal/almora-shop/almora-shop-backend/node_modules/@vendure/core/dist/config/adam-birkett-239153-unsplash.jpg" does not exist
File "/Users/himanshugunwant/Developer/personal/almora-shop/almora-shop-backend/node_modules/@vendure/core/dist/config/eniko-kis-663725-unsplash.jpg" does not exist
File "/Users/himanshugunwant/Developer/personal/almora-shop/almora-shop-backend/node_modules/@vendure/core/dist/config/brandi-redd-104140-unsplash.jpg" does not exist
File "/Users/himanshugunwant/Developer/personal/almora-shop/almora-shop-backend/node_modules/@vendure/core/dist/config/jonathan-talbert-697262-unsplash.jpg" does not exist
File "/Users/himanshugunwant/Developer/personal/almora-shop/almora-shop-backend/node_modules/@vendure/core/dist/config/zoltan-tasi-423051-unsplash.jpg" does not exist
File "/Users/himanshugunwant/Developer/personal/almora-shop/almora-shop-backend/node_modules/@vendure/core/dist/config/jakob-owens-274337-unsplash.jpg" does not exist
File "/Users/himanshugunwant/Developer/personal/almora-shop/almora-shop-backend/node_modules/@vendure/core/dist/config/patrick-brinksma-663044-unsplash.jpg" does not exist
File "/Users/himanshugunwant/Developer/personal/almora-shop/almora-shop-backend/node_modules/@vendure/core/dist/config/chuttersnap-324234-unsplash.jpg" does not exist
File "/Users/himanshugunwant/Developer/personal/almora-shop/almora-shop-backend/node_modules/@vendure/core/dist/config/robert-shunev-528016-unsplash.jpg" does not exist
File "/Users/himanshugunwant/Developer/personal/almora-shop/almora-shop-backend/node_modules/@vendure/core/dist/config/alexander-andrews-260988-unsplash.jpg" does not exist
File "/Users/himanshugunwant/Developer/personal/almora-shop/almora-shop-backend/node_modules/@vendure/core/dist/config/mikkel-bech-748940-unsplash.jpg" does not exist
File "/Users/himanshugunwant/Developer/personal/almora-shop/almora-shop-backend/node_modules/@vendure/core/dist/config/stoica-ionela-530966-unsplash.jpg" does not exist
File "/Users/himanshugunwant/Developer/personal/almora-shop/almora-shop-backend/node_modules/@vendure/core/dist/config/neonbrand-428982-unsplash.jpg" does not exist
File "/Users/himanshugunwant/Developer/personal/almora-shop/almora-shop-backend/node_modules/@vendure/core/dist/config/michael-guite-571169-unsplash.jpg" does not exist
File "/Users/himanshugunwant/Developer/personal/almora-shop/almora-shop-backend/node_modules/@vendure/core/dist/config/max-tarkhov-737999-unsplash.jpg" does not exist
File "/Users/himanshugunwant/Developer/personal/almora-shop/almora-shop-backend/node_modules/@vendure/core/dist/config/nik-shuliahin-619349-unsplash.jpg" does not exist
File "/Users/himanshugunwant/Developer/personal/almora-shop/almora-shop-backend/node_modules/@vendure/core/dist/config/ben-hershey-574483-unsplash.jpg" does not exist
File "/Users/himanshugunwant/Developer/personal/almora-shop/almora-shop-backend/node_modules/@vendure/core/dist/config/tommy-bebo-600358-unsplash.jpg" does not exist
File "/Users/himanshugunwant/Developer/personal/almora-shop/almora-shop-backend/node_modules/@vendure/core/dist/config/chuttersnap-584518-unsplash.jpg" does not exist
File "/Users/himanshugunwant/Developer/personal/almora-shop/almora-shop-backend/node_modules/@vendure/core/dist/config/imani-clovis-234736-unsplash.jpg" does not exist
File "/Users/himanshugunwant/Developer/personal/almora-shop/almora-shop-backend/node_modules/@vendure/core/dist/config/xavier-teo-469050-unsplash.jpg" does not exist
File "/Users/himanshugunwant/Developer/personal/almora-shop/almora-shop-backend/node_modules/@vendure/core/dist/config/thomas-serer-420833-unsplash.jpg" does not exist
File "/Users/himanshugunwant/Developer/personal/almora-shop/almora-shop-backend/node_modules/@vendure/core/dist/config/nikolai-chernichenko-1299748-unsplash.jpg" does not exist
File "/Users/himanshugunwant/Developer/personal/almora-shop/almora-shop-backend/node_modules/@vendure/core/dist/config/mitch-lensink-256007-unsplash.jpg" does not exist
File "/Users/himanshugunwant/Developer/personal/almora-shop/almora-shop-backend/node_modules/@vendure/core/dist/config/charles-deluvio-695736-unsplash.jpg" does not exist
File "/Users/himanshugunwant/Developer/personal/almora-shop/almora-shop-backend/node_modules/@vendure/core/dist/config/natalia-y-345738-unsplash.jpg" does not exist
File "/Users/himanshugunwant/Developer/personal/almora-shop/almora-shop-backend/node_modules/@vendure/core/dist/config/alex-rodriguez-santibanez-200278-unsplash.jpg" does not exist
File "/Users/himanshugunwant/Developer/personal/almora-shop/almora-shop-backend/node_modules/@vendure/core/dist/config/silvia-agrasar-227575-unsplash.jpg" does not exist
File "/Users/himanshugunwant/Developer/personal/almora-shop/almora-shop-backend/node_modules/@vendure/core/dist/config/caleb-george-536388-unsplash.jpg" does not exist
File "/Users/himanshugunwant/Developer/personal/almora-shop/almora-shop-backend/node_modules/@vendure/core/dist/config/annie-spratt-78044-unsplash.jpg" does not exist
File "/Users/himanshugunwant/Developer/personal/almora-shop/almora-shop-backend/node_modules/@vendure/core/dist/config/zoltan-kovacs-642412-unsplash.jpg" does not exist
File "/Users/himanshugunwant/Developer/personal/almora-shop/almora-shop-backend/node_modules/@vendure/core/dist/config/mark-tegethoff-667351-unsplash.jpg" does not exist
File "/Users/himanshugunwant/Developer/personal/almora-shop/almora-shop-backend/node_modules/@vendure/core/dist/config/vincent-liu-525429-unsplash.jpg" does not exist
File "/Users/himanshugunwant/Developer/personal/almora-shop/almora-shop-backend/node_modules/@vendure/core/dist/config/neslihan-gunaydin-3493-unsplash.jpg" does not exist
File "/Users/himanshugunwant/Developer/personal/almora-shop/almora-shop-backend/node_modules/@vendure/core/dist/config/florian-klauer-14840-unsplash.jpg" does not exist
File "/Users/himanshugunwant/Developer/personal/almora-shop/almora-shop-backend/node_modules/@vendure/core/dist/config/nathan-fertig-249917-unsplash.jpg" does not exist
File "/Users/himanshugunwant/Developer/personal/almora-shop/almora-shop-backend/node_modules/@vendure/core/dist/config/paul-weaver-1120584-unsplash.jpg" does not exist
File "/Users/himanshugunwant/Developer/personal/almora-shop/almora-shop-backend/node_modules/@vendure/core/dist/config/pierre-chatel-innocenti-483198-unsplash.jpg" does not exist
File "/Users/himanshugunwant/Developer/personal/almora-shop/almora-shop-backend/node_modules/@vendure/core/dist/config/abel-y-costa-716024-unsplash.jpg" does not exist
File "/Users/himanshugunwant/Developer/personal/almora-shop/almora-shop-backend/node_modules/@vendure/core/dist/config/kari-shea-398668-unsplash.jpg" does not exist
File "/Users/himanshugunwant/Developer/personal/almora-shop/almora-shop-backend/node_modules/@vendure/core/dist/config/andres-jasso-220776-unsplash.jpg" does not exist
File "/Users/himanshugunwant/Developer/personal/almora-shop/almora-shop-backend/node_modules/@vendure/core/dist/config/ruslan-bardash-351288-unsplash.jpg" does not exist
File "/Users/himanshugunwant/Developer/personal/almora-shop/almora-shop-backend/node_modules/@vendure/core/dist/config/benjamin-voros-310026-unsplash.jpg" does not exist
File "/Users/himanshugunwant/Developer/personal/almora-shop/almora-shop-backend/node_modules/@vendure/core/dist/config/jean-philippe-delberghe-1400011-unsplash.jpg" does not exist